// Jest Snapshot v1, https://goo.gl/fbAQLP

exports[`SavedProperties renders correctly 1`] = `
<div
  className="saved-properties-container"
/>
`;
